    Finished `dev` profile [unoptimized + debuginfo] target(s) in 2.81s
     Running `src-tauri\target\debug\examples\probe.exe`

=== query: gradient ===
total results: 27
expanded terms: curl, derivative, directional, directional derivative, divergence, grad, gradient, spatial, spatial gradient, 散度, 方向导数, 方向導數, 旋度, 梯度
  Math Insight           21 (indexed 447)
  Falstad                0 (indexed 85)
  PhET                   1 (indexed 120)
  BetterExplained        4 (indexed 144)
  Physics Fundamentals   0 (indexed 134)
  PhysicStuff            1 (indexed 52)
  猫田の物理                  0 (indexed 93)
  top: [BetterExplained] Understanding Pythagorean Distance and the Gradient

=== query: curl ===
total results: 31
expanded terms: a, curl, divergence, field, of, rot, rotation, rotation of a vector field, stokes, stokes theorem, theorem, vector, 散度, 斯托克斯定理, 旋度
  Math Insight           17 (indexed 447)
  Falstad                1 (indexed 85)
  PhET                   4 (indexed 120)
  BetterExplained        2 (indexed 144)
  Physics Fundamentals   5 (indexed 134)
  PhysicStuff            2 (indexed 52)
  猫田の物理                  0 (indexed 93)
  top: [Math Insight] Divergence and curl example

=== query: divergence ===
total results: 35
expanded terms: curl, div, divergence, divergence theorem, gradient, theorem, 散度, 散度定理, 旋度, 梯度
  Math Insight           23 (indexed 447)
  Falstad                0 (indexed 85)
  PhET                   5 (indexed 120)
  BetterExplained        5 (indexed 144)
  Physics Fundamentals   0 (indexed 134)
  PhysicStuff            2 (indexed 52)
  猫田の物理                  0 (indexed 93)
  top: [Math Insight] Divergence theorem examples

=== query: standing wave ===
total results: 12
expanded terms: interference, resonance, standing, standing wave, standing waves, stationary, stationary wave, wave, waves, 干涉, 諧振, 谐振, 駐波, 驻波
  Math Insight           0 (indexed 447)
  Falstad                1 (indexed 85)
  PhET                   2 (indexed 120)
  BetterExplained        1 (indexed 144)
  Physics Fundamentals   0 (indexed 134)
  PhysicStuff            2 (indexed 52)
  猫田の物理                  6 (indexed 93)
  top: [PhysicStuff] Standing Waves Resonance

=== query: harmonic oscillator ===
total results: 7
expanded terms: harmonic, harmonic oscillator, motion, oscillator, resonance, simple, simple harmonic motion, 简谐振动, 简谐振子, 简谐运动, 簡諧振動, 簡諧振子, 簡諧運動, 諧振, 諧振子, 谐振, 谐振子
  Math Insight           0 (indexed 447)
  Falstad                3 (indexed 85)
  PhET                   0 (indexed 120)
  BetterExplained        0 (indexed 144)
  Physics Fundamentals   1 (indexed 134)
  PhysicStuff            3 (indexed 52)
  猫田の物理                  0 (indexed 93)
  top: [Falstad] Harmonic Oscillator

=== query: electromagnetic induction ===
total results: 13
expanded terms: electric, electric field, electromagnetic, electromagnetic induction, faraday, faraday induction, faraday's, faraday's law, field, induction, law, magnetic, magnetic field, 电场, 电磁感应, 磁场, 磁場, 電場, 電磁感應
  Math Insight           0 (indexed 447)
  Falstad                0 (indexed 85)
  PhET                   7 (indexed 120)
  BetterExplained        0 (indexed 144)
  Physics Fundamentals   4 (indexed 134)
  PhysicStuff            2 (indexed 52)
  猫田の物理                  0 (indexed 93)
  top: [Physics Fundamentals] Electromagnetic Induction Simulator

=== query: quantum ===
total results: 18
expanded terms: quantum, 量子
  Math Insight           0 (indexed 447)
  Falstad                12 (indexed 85)
  PhET                   3 (indexed 120)
  BetterExplained        0 (indexed 144)
  Physics Fundamentals   1 (indexed 134)
  PhysicStuff            2 (indexed 52)
  猫田の物理                  0 (indexed 93)
  top: [PhET] Quantum Coin Toss

=== query: Fourier ===
total results: 7
expanded terms: fourier, 傅立叶, 傅立葉, 傅里叶, 傅里葉
  Math Insight           0 (indexed 447)
  Falstad                2 (indexed 85)
  PhET                   1 (indexed 120)
  BetterExplained        1 (indexed 144)
  Physics Fundamentals   1 (indexed 134)
  PhysicStuff            2 (indexed 52)
  猫田の物理                  0 (indexed 93)
  top: [PhET] Fourier: Making Waves

=== query: 梯度 ===
total results: 27
expanded terms: curl, derivative, directional, directional derivative, divergence, grad, gradient, spatial, spatial gradient, 散度, 方向导数, 方向導數, 旋度, 梯度
  Math Insight           21 (indexed 447)
  Falstad                0 (indexed 85)
  PhET                   1 (indexed 120)
  BetterExplained        4 (indexed 144)
  Physics Fundamentals   0 (indexed 134)
  PhysicStuff            1 (indexed 52)
  猫田の物理                  0 (indexed 93)
  top: [BetterExplained] Understanding Pythagorean Distance and the Gradient

=== query: 旋度 ===
total results: 31
expanded terms: a, curl, divergence, field, of, rot, rotation, rotation of a vector field, stokes, stokes theorem, theorem, vector, 散度, 斯托克斯定理, 旋度
  Math Insight           17 (indexed 447)
  Falstad                1 (indexed 85)
  PhET                   4 (indexed 120)
  BetterExplained        2 (indexed 144)
  Physics Fundamentals   5 (indexed 134)
  PhysicStuff            2 (indexed 52)
  猫田の物理                  0 (indexed 93)
  top: [Math Insight] Divergence and curl example

=== query: 驻波 ===
total results: 12
expanded terms: interference, resonance, standing, standing wave, standing waves, stationary, stationary wave, wave, waves, 干涉, 諧振, 谐振, 駐波, 驻波
  Math Insight           0 (indexed 447)
  Falstad                1 (indexed 85)
  PhET                   2 (indexed 120)
  BetterExplained        1 (indexed 144)
  Physics Fundamentals   0 (indexed 134)
  PhysicStuff            2 (indexed 52)
  猫田の物理                  6 (indexed 93)
  top: [PhysicStuff] Standing Waves Resonance

providers that returned at least one result across all queries: 7
  - betterexplained
  - falstad
  - maotian
  - mathinsight
  - phet
  - physicsfundamentals
  - physicstuff
