
> stem-visual-explorer@0.2.0 benchmark
> node --experimental-strip-types scripts/retrieval_benchmark.mjs

v0.2 baseline: 0/465
v0.2 baseline: 100/465
v0.2 baseline: 200/465
v0.2 baseline: 300/465
v0.2 baseline: 400/465
v0.3 fixed v0.2 corpus: 0/465
v0.3 fixed v0.2 corpus: 100/465
v0.3 fixed v0.2 corpus: 200/465
v0.3 fixed v0.2 corpus: 300/465
v0.3 fixed v0.2 corpus: 400/465
v0.3 shipped snapshot: 0/465
v0.3 shipped snapshot: 100/465
v0.3 shipped snapshot: 200/465
v0.3 shipped snapshot: 300/465
v0.3 shipped snapshot: 400/465
┌────────────┬─────────────────────────────┬───────────────────────────────┬──────────────────────────────┬────────────────────┬─────────────────────┬────────────────────┬─────────────┬─────────────────────┬────────────────────┬─────────────────────────────────┐
│ (index)    │ concept_resolution_accuracy │ cross_language_concept_parity │ cross_language_top10_overlap │ concept_recall     │ zero_result_queries │ zero_result_rate   │ query_count │ precision_at_5      │ precision_at_10    │ false_positive_regression_count │
├────────────┼─────────────────────────────┼───────────────────────────────┼──────────────────────────────┼────────────────────┼─────────────────────┼────────────────────┼─────────────┼─────────────────────┼────────────────────┼─────────────────────────────────┤
│ baseline   │ 0.12831541218637993         │ 0.12688172043010754           │ 0.1165557262331456           │ 0.5232558139534884 │ 848                 │ 0.6078853046594982 │ 1395        │ 0.2518518518518518  │ 0.1722222222222222 │ 10                              │
│ controlled │ 1                           │ 1                             │ 0.4989247311827957           │ 1                  │ 699                 │ 0.5010752688172043 │ 1395        │ 0.44999999999999996 │ 0.2916666666666667 │ 0                               │
│ current    │ 1                           │ 1                             │ 0.5075268817204301           │ 1                  │ 687                 │ 0.4924731182795699 │ 1395        │ 0.44999999999999996 │ 0.2916666666666667 │ 0                               │
└────────────┴─────────────────────────────┴───────────────────────────────┴──────────────────────────────┴────────────────────┴─────────────────────┴────────────────────┴─────────────┴─────────────────────┴────────────────────┴─────────────────────────────────┘
All retrieval quality gates PASS
